// Jest Snapshot v1, https://goo.gl/fbAQLP

exports[`the login register link matches snapshot 1`] = `
<a
  href="/register"
  onClick={[Function]}
/>
`;
